__addtf3
__divtf3
__eqtf2
__extenddftf2
__extendsftf2
__fixtfdi
__fixtfsi
__fixunstfsi
__floatsitf
__floatunsitf
__getf2
__gttf2
__heap_base
__letf2
__lttf2
__main_argc_argv
__netf2
__stack_pointer
__subtf3
__trunctfdf2
__trunctfsf2
__unordtf2
__wasm_call_ctors
__wasm_import_environment_get_arguments
__wasm_import_environment_get_environment
__wasm_import_exit_exit
__wasm_import_filesystem_access_at
__wasm_import_filesystem_advise
__wasm_import_filesystem_append_via_stream
__wasm_import_filesystem_change_directory_permissions_at
__wasm_import_filesystem_change_file_permissions_at
__wasm_import_filesystem_create_directory_at
__wasm_import_filesystem_drop_descriptor
__wasm_import_filesystem_drop_directory_entry_stream
__wasm_import_filesystem_get_flags
__wasm_import_filesystem_get_type
__wasm_import_filesystem_link_at
__wasm_import_filesystem_lock_exclusive
__wasm_import_filesystem_lock_shared
__wasm_import_filesystem_open_at
__wasm_import_filesystem_read
__wasm_import_filesystem_read_directory
__wasm_import_filesystem_read_directory_entry
__wasm_import_filesystem_read_via_stream
__wasm_import_filesystem_readlink_at
__wasm_import_filesystem_remove_directory_at
__wasm_import_filesystem_rename_at
__wasm_import_filesystem_set_flags
__wasm_import_filesystem_set_size
__wasm_import_filesystem_set_times
__wasm_import_filesystem_set_times_at
__wasm_import_filesystem_stat
__wasm_import_filesystem_stat_at
__wasm_import_filesystem_symlink_at
__wasm_import_filesystem_sync
__wasm_import_filesystem_sync_data
__wasm_import_filesystem_try_lock_exclusive
__wasm_import_filesystem_try_lock_shared
__wasm_import_filesystem_unlink_file_at
__wasm_import_filesystem_unlock
__wasm_import_filesystem_write
__wasm_import_filesystem_write_via_stream
__wasm_import_insecure_random_get_insecure_random_bytes
__wasm_import_insecure_random_get_insecure_random_u64
__wasm_import_insecure_random_seed_insecure_seed
__wasm_import_instance_network_instance_network
__wasm_import_ip_name_lookup_drop_resolve_address_stream
__wasm_import_ip_name_lookup_resolve_addresses
__wasm_import_ip_name_lookup_resolve_next_address
__wasm_import_ip_name_lookup_subscribe
__wasm_import_monotonic_clock_now
__wasm_import_monotonic_clock_resolution
__wasm_import_monotonic_clock_subscribe
__wasm_import_network_drop_network
__wasm_import_poll_drop_pollable
__wasm_import_poll_poll_oneoff
__wasm_import_preopens_get_directories
__wasm_import_preopens_initial_cwd
__wasm_import_random_get_random_bytes
__wasm_import_random_get_random_u64
__wasm_import_stderr_get_stderr
__wasm_import_stdin_get_stdin
__wasm_import_stdout_get_stdout
__wasm_import_streams_blocking_read
__wasm_import_streams_blocking_skip
__wasm_import_streams_blocking_splice
__wasm_import_streams_blocking_write
__wasm_import_streams_blocking_write_zeroes
__wasm_import_streams_drop_input_stream
__wasm_import_streams_drop_output_stream
__wasm_import_streams_forward
__wasm_import_streams_read
__wasm_import_streams_skip
__wasm_import_streams_splice
__wasm_import_streams_subscribe_to_input_stream
__wasm_import_streams_subscribe_to_output_stream
__wasm_import_streams_write
__wasm_import_streams_write_zeroes
__wasm_import_tcp_accept
__wasm_import_tcp_address_family
__wasm_import_tcp_create_socket_create_tcp_socket
__wasm_import_tcp_drop_tcp_socket
__wasm_import_tcp_finish_bind
__wasm_import_tcp_finish_connect
__wasm_import_tcp_finish_listen
__wasm_import_tcp_ipv6_only
__wasm_import_tcp_keep_alive
__wasm_import_tcp_local_address
__wasm_import_tcp_no_delay
__wasm_import_tcp_receive_buffer_size
__wasm_import_tcp_remote_address
__wasm_import_tcp_send_buffer_size
__wasm_import_tcp_set_ipv6_only
__wasm_import_tcp_set_keep_alive
__wasm_import_tcp_set_listen_backlog_size
__wasm_import_tcp_set_no_delay
__wasm_import_tcp_set_receive_buffer_size
__wasm_import_tcp_set_send_buffer_size
__wasm_import_tcp_set_unicast_hop_limit
__wasm_import_tcp_shutdown
__wasm_import_tcp_start_bind
__wasm_import_tcp_start_connect
__wasm_import_tcp_start_listen
__wasm_import_tcp_subscribe
__wasm_import_tcp_unicast_hop_limit
__wasm_import_timezone_display
__wasm_import_timezone_drop_timezone
__wasm_import_timezone_utc_offset
__wasm_import_udp_address_family
__wasm_import_udp_create_socket_create_udp_socket
__wasm_import_udp_drop_udp_socket
__wasm_import_udp_finish_bind
__wasm_import_udp_finish_connect
__wasm_import_udp_ipv6_only
__wasm_import_udp_local_address
__wasm_import_udp_receive
__wasm_import_udp_receive_buffer_size
__wasm_import_udp_remote_address
__wasm_import_udp_send
__wasm_import_udp_send_buffer_size
__wasm_import_udp_set_ipv6_only
__wasm_import_udp_set_receive_buffer_size
__wasm_import_udp_set_send_buffer_size
__wasm_import_udp_set_unicast_hop_limit
__wasm_import_udp_start_bind
__wasm_import_udp_start_connect
__wasm_import_udp_subscribe
__wasm_import_udp_unicast_hop_limit
__wasm_import_wall_clock_now
__wasm_import_wall_clock_resolution
